
> petclinic-frontend@0.1.0 dev
> next dev --turbopack

 ⚠ Port 3000 is in use, using available port 3001 instead.
   ▲ Next.js 15.3.4 (Turbopack)
   - Local:        http://localhost:3001
   - Network:      http://10.101.62.197:3001

 ✓ Starting...
 ✓ Ready in 778ms
 ○ Compiling / ...
 ✓ Compiled / in 1311ms
 GET / 200 in 1512ms
 ○ Compiling /owners ...
 ✓ Compiled /owners in 630ms
 GET /owners 200 in 690ms
 ○ Compiling /vets ...
 ✓ Compiled /vets in 584ms
 GET /vets 200 in 623ms
 GET / 200 in 67ms
 ✓ Compiled /favicon.ico in 357ms
 GET /favicon.ico?favicon.45db1c09.ico 200 in 614ms
 GET /owners 200 in 35ms
 GET / 200 in 50ms
 GET /vets 200 in 40ms
 GET /vets 200 in 26ms
 GET /vets 200 in 26ms
 GET /owners 200 in 28ms
 GET /vets 200 in 25ms
 GET /owners 200 in 28ms
 GET / 200 in 34ms
[?25h
