
> petclinic-frontend@0.1.0 dev
> next dev --turbopack

   ▲ Next.js 15.3.4 (Turbopack)
   - Local:        http://localhost:3000
   - Network:      http://10.101.62.197:3000

 ✓ Starting...
 ✓ Ready in 3s
 ○ Compiling / ...
 ✓ Compiled / in 1415ms
 GET / 200 in 1603ms
 ✓ Compiled /favicon.ico in 238ms
 GET /favicon.ico?favicon.45db1c09.ico 200 in 482ms
 ○ Compiling /_not-found/page ...
 ✓ Compiled /_not-found/page in 514ms
 GET /owners 404 in 528ms
 GET /owners 404 in 39ms
 GET / 200 in 83ms
 GET /vets 404 in 34ms
 GET /vets 404 in 47ms
 GET / 200 in 51ms
 GET / 200 in 61ms
 GET / 200 in 43ms
 GET /owners 404 in 22ms
 GET /owners 404 in 42ms
 GET /vets 404 in 23ms
 GET /vets 404 in 43ms
 GET /vets 404 in 33ms
 GET /vets 404 in 52ms
 GET / 200 in 28ms
 GET / 200 in 135ms
 ✓ Compiled in 353ms
 GET / 200 in 99ms
 ✓ Compiled in 127ms
 ⨯ [Error: ENOENT: no such file or directory, open '/Users/pramodhayyappan/dev/sides/spring-petclinic/petclinic-frontend/.next/server/app/page/app-build-manifest.json'] {
  errno: -2,
  code: 'ENOENT',
  syscall: 'open',
  path: '/Users/pramodhayyappan/dev/sides/spring-petclinic/petclinic-frontend/.next/server/app/page/app-build-manifest.json'
}
 ○ Compiling /_error ...
 ✓ Compiled /_error in 671ms
 ⨯ Error: Cannot find module '../chunks/ssr/[turbopack]_runtime.js'
Require stack:
- /Users/pramodhayyappan/dev/sides/spring-petclinic/petclinic-frontend/.next/server/pages/_document.js
- /Users/pramodhayyappan/dev/sides/spring-petclinic/petclinic-frontend/node_modules/next/dist/server/require.js
- /Users/pramodhayyappan/dev/sides/spring-petclinic/petclinic-frontend/node_modules/next/dist/server/load-components.js
- /Users/pramodhayyappan/dev/sides/spring-petclinic/petclinic-frontend/node_modules/next/dist/build/utils.js
- /Users/pramodhayyappan/dev/sides/spring-petclinic/petclinic-frontend/node_modules/next/dist/build/swc/options.js
- /Users/pramodhayyappan/dev/sides/spring-petclinic/petclinic-frontend/node_modules/next/dist/build/swc/index.js
- /Users/pramodhayyappan/dev/sides/spring-petclinic/petclinic-frontend/node_modules/next/dist/build/next-config-ts/transpile-config.js
- /Users/pramodhayyappan/dev/sides/spring-petclinic/petclinic-frontend/node_modules/next/dist/server/config.js
- /Users/pramodhayyappan/dev/sides/spring-petclinic/petclinic-frontend/node_modules/next/dist/server/next.js
- /Users/pramodhayyappan/dev/sides/spring-petclinic/petclinic-frontend/node_modules/next/dist/server/lib/start-server.js
    at Object.<anonymous> (.next/server/pages/_document.js:2:17) {
  code: 'MODULE_NOT_FOUND',
  requireStack: [Array]
}
 GET / 500 in 922ms
 ⨯ [Error: ENOENT: no such file or directory, open '/Users/pramodhayyappan/dev/sides/spring-petclinic/petclinic-frontend/.next/server/app/page/app-build-manifest.json'] {
  errno: -2,
  code: 'ENOENT',
  syscall: 'open',
  path: '/Users/pramodhayyappan/dev/sides/spring-petclinic/petclinic-frontend/.next/server/app/page/app-build-manifest.json'
}
 ⨯ Error: Cannot find module '../chunks/ssr/[turbopack]_runtime.js'
Require stack:
- /Users/pramodhayyappan/dev/sides/spring-petclinic/petclinic-frontend/.next/server/pages/_document.js
- /Users/pramodhayyappan/dev/sides/spring-petclinic/petclinic-frontend/node_modules/next/dist/server/require.js
- /Users/pramodhayyappan/dev/sides/spring-petclinic/petclinic-frontend/node_modules/next/dist/server/load-components.js
- /Users/pramodhayyappan/dev/sides/spring-petclinic/petclinic-frontend/node_modules/next/dist/build/utils.js
- /Users/pramodhayyappan/dev/sides/spring-petclinic/petclinic-frontend/node_modules/next/dist/build/swc/options.js
- /Users/pramodhayyappan/dev/sides/spring-petclinic/petclinic-frontend/node_modules/next/dist/build/swc/index.js
- /Users/pramodhayyappan/dev/sides/spring-petclinic/petclinic-frontend/node_modules/next/dist/build/next-config-ts/transpile-config.js
- /Users/pramodhayyappan/dev/sides/spring-petclinic/petclinic-frontend/node_modules/next/dist/server/config.js
- /Users/pramodhayyappan/dev/sides/spring-petclinic/petclinic-frontend/node_modules/next/dist/server/next.js
- /Users/pramodhayyappan/dev/sides/spring-petclinic/petclinic-frontend/node_modules/next/dist/server/lib/start-server.js
    at Object.<anonymous> (.next/server/pages/_document.js:2:17) {
  code: 'MODULE_NOT_FOUND',
  requireStack: [Array]
}
 HEAD / 500 in 66ms
 GET / 200 in 133ms
 ⨯ [Error: ENOENT: no such file or directory, open '/Users/pramodhayyappan/dev/sides/spring-petclinic/petclinic-frontend/.next/server/app/favicon.ico/[__metadata_id__]/route/app-paths-manifest.json'] {
  errno: -2,
  code: 'ENOENT',
  syscall: 'open',
  path: '/Users/pramodhayyappan/dev/sides/spring-petclinic/petclinic-frontend/.next/server/app/favicon.ico/[__metadata_id__]/route/app-paths-manifest.json'
}
[?25h
